[backblue.gif]
[fade.gif]
[index.html]
[stackpath.bootstrapcdn.com/bootstrap/4.3.1/css/bootstrap.min.css]
[code.jquery.com/jquery-3.3.1.slim.min.js]
[cdnjs.cloudflare.com/ajax/libs/popper.js/1.14.7/umd/popper.min.js]
[stackpath.bootstrapcdn.com/bootstrap/4.3.1/js/bootstrap.min.js]
[au3-petfinder.herokuapp.com/adopt-pet-api-v0.js]
[res.cloudinary.com/petfinder/image/upload/v1567267201/vp4uibe6y6l2wm3mbmxz.jpg]
[code.jquery.com/jquery-3.4.1.min.js]
[cdnjs.cloudflare.com/ajax/libs/popper.js/1.12.9/umd/popper.min.js]
[kit.fontawesome.com/dbf17313af.js]
[au3-petfinder.herokuapp.com/index.html]
[stackpath.bootstrapcdn.com/bootstrap/4.3.1/css/bootstrap.min.css]
[au3-petfinder.herokuapp.com/layout.css]
[au3-petfinder.herokuapp.com/home.css]
[kit.fontawesome.com/a076d05399.js]
[res.cloudinary.com/dur0p58xy/image/upload/v1569604750/jr9caw3bw2nvvtdcuook.jpg]
[res.cloudinary.com/dur0p58xy/image/upload/v1569435910/m8tixxec0nizkhrmq9wv.jpg]
[res.cloudinary.com/dur0p58xy/image/upload/v1568360794/ysdw6jnlrgonnyvxn3rz.jpg]
[au3-petfinder.herokuapp.com/doglikes.js]
[au3-petfinder.herokuapp.com/alldogs.html]
[au3-petfinder.herokuapp.com/catlikes.js]
[au3-petfinder.herokuapp.com/allcats.html]
[au3-petfinder.herokuapp.com/dogs.js]
[au3-petfinder.herokuapp.com/dogs.html]
[au3-petfinder.herokuapp.com/cats.js]
[au3-petfinder.herokuapp.com/cats.html]
[au3-petfinder.herokuapp.com/adopted.html]
[au3-petfinder.herokuapp.com/pets/addpet/index.html]
[maxcdn.bootstrapcdn.com/font-awesome/4.2.0/css/font-awesome.min.css]
[code.jquery.com/jquery-3.4.1.js]
[cdnjs.cloudflare.com/ajax/libs/popper.js/1.11.0/umd/popper.min.js]
[maxcdn.bootstrapcdn.com/bootstrap/4.0.0-beta/js/bootstrap.min.js]
[au3-petfinder.herokuapp.com/login.html]
[au3-petfinder.herokuapp.com/signupPage.js]
[au3-petfinder.herokuapp.com/signup.html]
[au3-petfinder.herokuapp.com/petprofile/5d78dc80470c592c14e734c0.html]
[au3-petfinder.herokuapp.com/petprofile/5d78dc9a470c592c14e734c1.html]
[au3-petfinder.herokuapp.com/petprofile/5d7b550da3112d2988766b18.html]
[au3-petfinder.herokuapp.com/petprofile/5d7b572ea3112d2988766b19.html]
[au3-petfinder.herokuapp.com/petprofile/5d7b59f4a3112d2988766b1c.html]
[au3-petfinder.herokuapp.com/cards.css]
[au3-petfinder.herokuapp.com/petprofile/5d8e448f68ed280017d877eb.html]
[au3-petfinder.herokuapp.com/petprofile/5d8bb10634206400176236bd.html]
[au3-petfinder.herokuapp.com/petprofile/5d7b4c27a3112d2988766b16.html]
[au3-petfinder.herokuapp.com/petprofile/5d7b495a5afe87001797e434.html]
[au3-petfinder.herokuapp.com/petprofile/5d7b4d0aa3112d2988766b17.html]
[au3-petfinder.herokuapp.com/dogs.css]
[au3-petfinder.herokuapp.com/cats.css]
[au3-petfinder.herokuapp.com/adopted.css]
[maxcdn.bootstrapcdn.com/font-awesome/4.2.0/css/font-awesome.min.css]
[au3-petfinder.herokuapp.com/petprofile.css]
